// Jest Snapshot v1, https://goo.gl/fbAQLP

exports[`<SliderContainer /> component should match snapshot 1`] = `
<DocumentFragment>
  <div
    autoplayinterval="5000"
    class="relative"
  >
    <div
      class="overflow-hidden h-100"
    >
      <ul
        class="sliderFrame list pa0 h-100 ma0 flex"
        style="width: 200%; transform: translate3d(0, 0, 0); transition: all 0ms ease-out; cursor: default;"
      >
        <li
          class="inline-flex h-100 relative overflow-hidden"
          style="width: 50%;"
        >
          <div>
            <p>
              Slide 1
            </p>
          </div>
        </li>
        <li
          class="inline-flex h-100 relative overflow-hidden"
          style="width: 50%;"
        >
          <div>
            <p>
              Slide 2
            </p>
          </div>
        </li>
      </ul>
    </div>
  </div>
</DocumentFragment>
`;

exports[`<SliderContainer /> component should match snapshot with another tag 1`] = `
<DocumentFragment>
  <span
    autoplayinterval="5000"
    class="relative"
  >
    <div
      class="overflow-hidden h-100"
    >
      <ul
        class="sliderFrame list pa0 h-100 ma0 flex"
        style="width: 200%; transform: translate3d(0, 0, 0); transition: all 0ms ease-out; cursor: default;"
      >
        <li
          class="inline-flex h-100 relative overflow-hidden"
          style="width: 50%;"
        >
          <div>
            <p>
              Slide 1
            </p>
          </div>
        </li>
        <li
          class="inline-flex h-100 relative overflow-hidden"
          style="width: 50%;"
        >
          <div>
            <p>
              Slide 2
            </p>
          </div>
        </li>
      </ul>
    </div>
  </span>
</DocumentFragment>
`;
